// Jest Snapshot v1, https://goo.gl/fbAQLP

exports[`TODO Output Snapshots Excalibur Summary Structure should have consistent excalibur summary format: excalibur-summary-structure 1`] = `
"﻿# Excalibur Command Execution Summary

**Execution Date**: TIMESTAMP
**Organization**: Ai-Whisperers
**Repositories Processed**: 12

## Repository Status Overview
- **AI-Investment**: Last push 2025-09-09, Issues enabled
- **AI-Whisperers**: Last push 2025-09-09, Issues enabled
- **AI-Whisperers-Website**: Last push 2025-09-09, Issues enabled
- **AI-Whisperers-website-and-courses**: Last push 2025-09-09, Issues enabled
- **Call-Recorder**: Last push 2025-09-09, Issues enabled
- **clockify-ADO-automated-report**: Last push 2025-09-09, Issues enabled
- **Comment-Analizer**: Last push 2025-09-12, Issues enabled
- **Company-Information**: Last push 2025-09-10, Issues enabled
- **Taller-Ocampos**: Last push 2025-09-09, Issues enabled
- **WPG-Amenities**: Last push 2025-09-09, Issues enabled
- ****: Last push Unknown, Issues disabled
- ****: Last push Unknown, Issues disabled

## Actions Taken
- Fetched current repository status from GitHub API
- Updated local todo files in C:\\Users\\kyrian\\Documents\\Company-Information\\project-todos
- Synchronized todos to respective repositories (where applicable)
- Generated this summary report

## Log File
Full execution log: C:\\Users\\kyrian\\Documents\\Company-Information\\logs\\excalibur-20250912-111242.log

---
*Generated by Excalibur command - Claude Code Integration*
"
`;

exports[`TODO Output Snapshots Generated Todo Files Structure should have consistent structure for ai-investment-todos.md: ai-investment-todos.md-structure 1`] = `
"﻿# AI-Investment Todo List

## Repository Status
- **Last Updated**: TIMESTAMP
- **Description**: 
- **Last Push**: TIMESTAMP
- **Open Issues**: 0
- **Open PRs**: 20

## Current Issues (From GitHub)
- No open issues found
## Active Pull Requests
### PR #38: chore(deps-dev): bump @typescript-eslint/parser from 7.18.0 to 8.42.0 in /apps/web
- **Status**: OPEN
- **Created**: TIMESTAMP
- [ ] Review and merge: chore(deps-dev): bump @typescript-eslint/parser from 7.18.0 to 8.42.0 in /apps/web
### PR #37: chore(deps): bump tailwindcss from 3.4.7 to 4.1.13 in /apps/web
- **Status**: OPEN
- **Created**: TIMESTAMP
- [ ] Review and merge: chore(deps): bump tailwindcss from 3.4.7 to 4.1.13 in /apps/web
### PR #36: chore(deps-dev): bump jest from 29.7.0 to 30.1.3 in /apps/web
- **Status**: OPEN
- **Created**: TIMESTAMP
- [ ] Review and merge: chore(deps-dev): bump jest from 29.7.0 to 30.1.3 in /apps/web
### PR #35: chore(deps): update pytest requirement from <8.0.0,>=7.4.0 to >=7.4.0,<9.0.0 in /apps/api
- **Status**: OPEN
- **Created**: TIMESTAMP
- [ ] Review and merge: chore(deps): update pytest requirement from <8.0.0,>=7.4.0 to >=7.4.0,<9.0.0 in /apps/api
### PR #33: chore(deps-dev): bump eslint-config-next from 14.2.32 to 15.5.2 in /apps/web
- **Status**: OPEN
- **Created**: TIMESTAMP
- [ ] Review and merge: chore(deps-dev): bump eslint-config-next from 14.2.32 to 15.5.2 in /apps/web
### PR #32: chore(deps-dev): bump jest-environment-jsdom from 29.7.0 to 30.1.2 in /apps/web
- **Status**: OPEN
- **Created**: TIMESTAMP
- [ ] Review and merge: chore(deps-dev): bump jest-environment-jsdom from 29.7.0 to 30.1.2 in /apps/web
### PR #30: chore(deps-dev): bump the development-dependencies group in /apps/web with 2 updates
- **Status**: OPEN
- **Created**: TIMESTAMP
- [ ] Review and merge: chore(deps-dev): bump the development-dependencies group in /apps/web with 2 updates
### PR #28: chore(deps): bump tenacity from 8.5.0 to 9.1.2 in /apps/api
- **Status**: OPEN
- **Created**: TIMESTAMP
- [ ] Review and merge: chore(deps): bump tenacity from 8.5.0 to 9.1.2 in /apps/api
### PR #27: chore(deps): bump hiredis from 2.3.2 to 3.2.1 in /apps/api
- **Status**: OPEN
- **Created**: TIMESTAMP
- [ ] Review and merge: chore(deps): bump hiredis from 2.3.2 to 3.2.1 in /apps/api
### PR #26: chore(deps): bump httpx from 0.27.0 to 0.28.1 in /apps/api
- **Status**: OPEN
- **Created**: TIMESTAMP
- [ ] Review and merge: chore(deps): bump httpx from 0.27.0 to 0.28.1 in /apps/api
### PR #24: chore(deps): bump python-jose from 3.3.0 to 3.5.0 in /apps/api
- **Status**: OPEN
- **Created**: TIMESTAMP
- [ ] Review and merge: chore(deps): bump python-jose from 3.3.0 to 3.5.0 in /apps/api
### PR #22: chore(deps): bump psycopg2-binary from 2.9.9 to 2.9.10 in /apps/api
- **Status**: OPEN
- **Created**: TIMESTAMP
- [ ] Review and merge: chore(deps): bump psycopg2-binary from 2.9.9 to 2.9.10 in /apps/api
### PR #21: chore(deps): bump redis from 5.0.7 to 6.4.0 in /apps/api
- **Status**: OPEN
- **Created**: TIMESTAMP
- [ ] Review and merge: chore(deps): bump redis from 5.0.7 to 6.4.0 in /apps/api
### PR #20: chore(deps): bump black from 24.3.0 to 25.1.0 in /apps/api
- **Status**: OPEN
- **Created**: TIMESTAMP
- [ ] Review and merge: chore(deps): bump black from 24.3.0 to 25.1.0 in /apps/api
### PR #18: chore(deps): bump requests from 2.32.3 to 2.32.5 in /apps/api
- **Status**: OPEN
- **Created**: TIMESTAMP
- [ ] Review and merge: chore(deps): bump requests from 2.32.3 to 2.32.5 in /apps/api
### PR #16: chore(deps): bump the production-dependencies group in /apps/api with 5 updates
- **Status**: OPEN
- **Created**: TIMESTAMP
- [ ] Review and merge: chore(deps): bump the production-dependencies group in /apps/api with 5 updates
### PR #15: chore(deps-dev): bump postcss from 8.4.41 to 8.5.6 in /apps/web
- **Status**: OPEN
- **Created**: TIMESTAMP
- [ ] Review and merge: chore(deps-dev): bump postcss from 8.4.41 to 8.5.6 in /apps/web
### PR #14: chore(deps): bump react-dom from 18.3.1 to 19.1.1 in /apps/web
- **Status**: OPEN
- **Created**: TIMESTAMP
- [ ] Review and merge: chore(deps): bump react-dom from 18.3.1 to 19.1.1 in /apps/web
### PR #12: chore(deps-dev): bump @types/jest from 29.5.14 to 30.0.0 in /apps/web
- **Status**: OPEN
- **Created**: TIMESTAMP
- [ ] Review and merge: chore(deps-dev): bump @types/jest from 29.5.14 to 30.0.0 in /apps/web
### PR #9: chore(deps): bump recharts from 2.12.7 to 3.1.2 in /apps/web
- **Status**: OPEN
- **Created**: TIMESTAMP
- [ ] Review and merge: chore(deps): bump recharts from 2.12.7 to 3.1.2 in /apps/web
## Recent Activity
- **411dbbe**: SCAFFOLD: Create mathematical engine for pure computational operations by Jonathan Verdun on TIMESTAMP
- **76e7448**: DEPLOYMENT: Fix OAuth Suspense boundary - Frontend builds successfully by Jonathan Verdun on TIMESTAMP
- **9180f85**: CLEANUP: Remove massive code duplication and standardize UI components by Jonathan Verdun on TIMESTAMP
- **178ce7b**: DEPLOYMENT: Fix frontend build issues for production deployment by Jonathan Verdun on TIMESTAMP
- **d5c1ff6**: CONFIG: Update environment configuration templates by Jonathan Verdun on TIMESTAMP
## High Priority Development Tasks
- [ ] Complete security audit and penetration testing
- [ ] Implement comprehensive API rate limiting
- [ ] Add real-time portfolio performance dashboard
- [ ] Optimize database queries for better performance
- [ ] Implement automated trading signal generation
- [ ] Add comprehensive error boundary handling

## Medium Priority Tasks
- [ ] Increase test coverage to 90%+
- [ ] Add end-to-end testing for trading workflows
- [ ] Implement caching strategy with Redis
- [ ] Add social trading features
- [ ] Create investment recommendations engine
"
`;

exports[`TODO Output Snapshots Generated Todo Files Structure should have consistent structure for clockify-ado-automated-report-todos.md: clockify-ado-automated-report-todos.md-structure 1`] = `
"﻿# clockify-ADO-automated-report Todo List

## Repository Status
- **Last Updated**: TIMESTAMP
- **Description**: Automate the process of fetching, matching, and reporting work hours from Clockify (time entries) and Azure DevOps (Work Items).
- **Last Push**: TIMESTAMP
- **Open Issues**: 0
- **Open PRs**: 0

## Current Issues (From GitHub)
- No open issues found
## Active Pull Requests
- No open pull requests
## Recent Activity
- **5f2ac8c**: ci: Add GitHub Actions workflows by Jonathan Verdun on TIMESTAMP
- **b9dd892**: docs: Sync documentation with actual implementation by Jonathan Verdun on TIMESTAMP
- **8bec80f**: feat: Add Docker support and complete project setup by Jonathan Verdun on TIMESTAMP
- **47bc509**: feat: Complete infrastructure layer and CLI interface by Jonathan Verdun on TIMESTAMP
- **1942984**: feat: Implement infrastructure layer API clients by Jonathan Verdun on TIMESTAMP
## General Development Tasks
- [ ] Update documentation and README
- [ ] Add or improve test coverage
- [ ] Review and update dependencies
- [ ] Implement CI/CD pipeline improvements
- [ ] Add security scanning and vulnerability checks
- [ ] Optimize performance and resource usage
"
`;

exports[`TODO Output Snapshots Generated Todo Files Structure should have consistent structure for comment-analyzer-todos.md: comment-analyzer-todos.md-structure 1`] = `
"﻿# Comment-Analizer Todo List

## Repository Status
- **Last Updated**: TIMESTAMP
- **Description**: Analizador de comentarios autom├ítico, implementado mediante IA.
- **Last Push**: TIMESTAMP
- **Open Issues**: 0
- **Open PRs**: 0

## Current Issues (From GitHub)
- No open issues found
## Active Pull Requests
- No open pull requests
## Recent Activity
- **8af6f5d**: ≡ƒÄ¿ ANALYSIS: CSS styling E2E - Critical variable dependency issue identified by Jonathan Verdun on TIMESTAMP
- **391530c**: Γ£à VERIFICATION: Complete E2E fix validation - All deployment issues resolved by Jonathan Verdun on TIMESTAMP
- **618e5d0**: ≡ƒöº FIX: Streamlit deployment threading - Eliminate ScriptRunContext warnings by Jonathan Verdun on TIMESTAMP
- **d05f078**: ≡ƒöº FIX: Batch processing discrepancy - Resolve 20ΓåÆ21 comment count error by Jonathan Verdun on TIMESTAMP
- **378b687**: ΓÅ▒∩╕Å FEATURE: Real-time AI progress loader with actual pipeline metrics by Jonathan Verdun on TIMESTAMP
## High Priority Enhancement Tasks
- [ ] Add support for additional file formats (CSV, JSON, XML)
- [ ] Implement batch processing for multiple files
- [ ] Add custom analysis prompt templates
- [ ] Improve error handling for malformed input data
- [ ] Expand language support (Portuguese, French)
- [ ] Optimize memory usage for large datasets

## Medium Priority Tasks
- [ ] Redesign UI with modern Streamlit components
- [ ] Add data visualization charts and graphs
- [ ] Implement export to multiple formats
- [ ] Add direct social media API integration
- [ ] Create sentiment trend analysis over time
"
`;

exports[`TODO Output Snapshots Repository Analysis Summary should have consistent repository analysis format: repository-analysis-structure 1`] = `
"# Repository Analysis Summary

## Repositories Analyzed

Based on the analysis conducted, here's the status of the requested repositories:

### ✅ Active Repositories Found
1. **AI-Investment** → \`ai-investment-todos.md\`
2. **Comment-Analyzer** → \`comment-analizer-todos.md\`  
3. **AI-Whisperers-website-and-courses** → \`ai-whisperers-website-courses-todos.md\`
4. **WPG-Amenities** → \`wpg-amenities-todos.md\`
5. **AI-Whisperers-Website** → \`ai-whisperers-website-todos.md\`
6. **Call-Recorder** → \`call-recorder-todos.md\`
7. **Company-Information** → \`company-information-todos.md\`

### ❌ Repositories Not Found
1. **Taller-Ocampos** - Repository does not exist in AI-Whisperers organization
2. **Company-Info** - Repository does not exist (Company-Information exists instead)
3. **Investment-platform** - Repository exists as "AI-Investment" instead

## Repository Status Overview

### 🚀 Production Ready
- **Comment-Analyzer**: Mature Streamlit application with AI analysis
- **AI-Investment**: Advanced FastAPI + Next.js investment platform

### 🔧 Active Development
- **AI-Whisperers-website-and-courses**: Strategic educational platform
- **Company-Information**: Organizational hub with management tools

### 🏗️ Early Stage
- **WPG-Amenities**: Local services platform (requires significant development)
- **AI-Whisperers-Website**: Legacy website (needs modernization)

### 📦 Archive Candidate
- **Call-Recorder**: Inactive repository (consider archiving)

## Priority Recommendations

### Immediate Focus (High Priority)
1. **AI-Investment**: Security audit, testing, and production deployment
2. **AI-Whisperers-Website**: Complete migration and modernization
3. **Company-Information**: Enhance management tools and automation

### Medium Priority
1. **AI-Whisperers-website-and-courses**: Complete course platform features
2. **WPG-Amenities**: Core platform development
3. **Comment-Analyzer**: Feature enhancements and performance optimization

### Low Priority
1. **Call-Recorder**: Decision on archive vs. revival

## Next Steps
1. Review each todo list file for detailed action items
2. Prioritize tasks based on business objectives
3. Assign resources to high-priority repositories
4. Set up project tracking for active development efforts"
`;
